---
source: crates/zizmor/tests/integration/snapshot.rs
expression: "zizmor().input(input_under_test(\"self-hosted/self-hosted-matrix-dimension.yml\")).args([\"--persona=auditor\"]).run()?"
---
warning[self-hosted-runner]: runs on a self-hosted runner
  --> @@INPUT@@:11:5
   |
11 |       runs-on: ${{ matrix.os }}
   |       ^^^^^^^^^^^^^^^^^^^^^^^^^ expression may expand into a self-hosted runner
12 |
13 | /     strategy:
14 | |       matrix:
15 | |         os: [self-hosted, ubuntu-latest]
   | |________________________________________- matrix declares self-hosted runner
   |
   = note: audit confidence → High

1 finding: 0 informational, 0 low, 1 medium, 0 high
