---
source: crates/zizmor/tests/integration/config.rs
expression: "zizmor().expects_failure(true).input(input_under_test(\"neutral.yml\")).config(input_under_test(\"config-scenarios/zizmor.invalid-schema-1.yml\")).output(OutputMode::Stderr).run()?"
---
fatal: no audit was performed
error: configuration error in @@CONFIG@@
  |
  = help: check your configuration file for syntax errors
  = help: see: https://docs.zizmor.sh/configuration/

Caused by:
    0: configuration error in @@CONFIG@@
    1: invalid configuration syntax
    2: unknown field `rule`, expected `rules` at line 4 column 1
