---
source: crates/zizmor/tests/integration/snapshot.rs
expression: "zizmor().expects_failure(true).config(input_under_test(&format!(\"unpinned-uses/configs/{tc}.yml\",))).input(input_under_test(\"unpinned-uses/menagerie-of-uses.yml\")).run()?"
---
 INFO zizmor::registry: skipping impostor-commit: can't run without a GitHub API token
 INFO zizmor::registry: skipping ref-confusion: can't run without a GitHub API token
 INFO zizmor::registry: skipping known-vulnerable-actions: can't run without a GitHub API token
fatal: no audit was performed
error: failed to load audit: unpinned-uses
 = note: invalid configuration: invalid type: sequence, expected a map
 = note: see: https://docs.zizmor.sh/audits/#unpinned-uses
