---
source: crates/zizmor/tests/integration/snapshot.rs
expression: "zizmor().input(input_under_test(\"use-trusted-publishing/cargo-publish.yml\")).run()?"
---
info[use-trusted-publishing]: prefer trusted publishing for authentication
  --> @@INPUT@@:12:14
   |
12 |         run: cargo publish
   |         ---  ^^^^^^^^^^^^^ this command
   |         |
   |         this step
   |
   = note: audit confidence → High

info[use-trusted-publishing]: prefer trusted publishing for authentication
  --> @@INPUT@@:17:14
   |
17 |         run: cargo +nightly publish
   |         ---  ^^^^^^^^^^^^^^^^^^^^^^ this command
   |         |
   |         this step
   |
   = note: audit confidence → High

info[use-trusted-publishing]: prefer trusted publishing for authentication
  --> @@INPUT@@:24:11
   |
23 |           run: |
   |           --- this step
24 | /           cargo \
25 | |             publish \
26 | |             --allow-dirty \
27 | |             --no-verify
   | |_______________________^ this command
   |
   = note: audit confidence → High

info[use-trusted-publishing]: prefer trusted publishing for authentication
  --> @@INPUT@@:37:14
   |
37 |         run: cargo publish
   |         ---  ^^^^^^^^^^^^^ this command
   |         |
   |         this step
   |
   = note: audit confidence → High

info[use-trusted-publishing]: prefer trusted publishing for authentication
  --> @@INPUT@@:42:14
   |
42 |         run: cargo +nightly publish
   |         ---  ^^^^^^^^^^^^^^^^^^^^^^ this command
   |         |
   |         this step
   |
   = note: audit confidence → High

info[use-trusted-publishing]: prefer trusted publishing for authentication
  --> @@INPUT@@:49:11
   |
48 |           run: |
   |           --- this step
49 | /           cargo `
50 | |             publish `
51 | |             --allow-dirty `
52 | |             --no-verify
   | |_______________________^ this command
   |
   = note: audit confidence → High

info[use-trusted-publishing]: prefer trusted publishing for authentication
  --> @@INPUT@@:56:14
   |
56 |         run: cargo publish --allow-dirty --no-verify
   |         ---  ^^^^^^^^^^^^^ this command
   |         |
   |         this step
   |
   = note: audit confidence → High

info[use-trusted-publishing]: prefer trusted publishing for authentication
  --> @@INPUT@@:63:11
   |
62 |           run: |
   |           --- this step
63 | /           cargo ^
64 | |             --allow-dirty ^
65 | |             --no-verify ^
66 | |             publish
   | |___________________^ this command
   |
   = note: audit confidence → High

9 findings (1 suppressed): 8 informational, 0 low, 0 medium, 0 high
