---
source: crates/zizmor/tests/integration/snapshot.rs
assertion_line: 102
expression: "zizmor().input(input_under_test(\"self-hosted.yml\")).args([\"--persona=auditor\"]).run()?"
---
warning[self-hosted-runner]: runs on a self-hosted runner
  --> @@INPUT@@:17:5
   |
17 |     runs-on: [self-hosted, my-ubuntu-box]
   |     ^^^^^^^^^^^^^^^^^^^^^^^^^^^^^^^^^^^^^ self-hosted runner used here
   |
   = note: audit confidence → High

1 finding: 0 informational, 0 low, 1 medium, 0 high
