---
source: crates/zizmor/tests/integration/snapshot.rs
expression: "zizmor().input(input_under_test(\"self-hosted/self-hosted-runner-group.yml\")).args([\"--persona=auditor\"]).run()?"
---
warning[self-hosted-runner]: runs on a self-hosted runner
  --> @@INPUT@@:11:5
   |
11 | /     runs-on:
12 | |       group: ubuntu-runners
   | |___________________________^ runner group implies self-hosted runner
   |
   = note: audit confidence → Low

1 finding: 0 informational, 0 low, 1 medium, 0 high
