---
source: crates/zizmor/tests/integration/snapshot.rs
assertion_line: 899
expression: "zizmor().input(input_under_test(\"undocumented-permissions/contents-read-only.yml\")).args([\"--persona=pedantic\"]).run()?"
---
group: ${{ github.workflow }}-${{ github.event.pull_request.number || github.ref }}
No findings to report. Good job!
