---
source: crates/zizmor/tests/integration/snapshot.rs
expression: "zizmor().input(input_under_test(\"template-injection/template-injection-static-matrix.yml\")).args([\"--persona=auditor\"]).run()?"
---
note[template-injection]: code injection via template expansion
  --> @@INPUT@@:18:9
   |
18 |         - name: Nothing to fear
   |           --------------------- note: this step
19 | /         run: |
20 | |           echo "issue created: ${{ matrix.frob }}"
   | |___________________________________________________- note: ${{ matrix.frob }} may expand into attacker-controllable code
   |
   = note: audit confidence → Unknown

1 finding: 1 unknown, 0 informational, 0 low, 0 medium, 0 high
