---
source: crates/zizmor/tests/integration/snapshot.rs
assertion_line: 909
expression: "zizmor().input(input_under_test(\"undocumented-permissions/empty-permissions.yml\")).args([\"--persona=pedantic\"]).run()?"
---
group: ${{ github.workflow }}-${{ github.event.pull_request.number || github.ref }}
No findings to report. Good job!
