---
source: crates/zizmor/tests/integration/snapshot.rs
expression: "zizmor().input(input_under_test(\"anonymous-definition.yml\")).args([\"--persona=pedantic\"]).run()?"
---
help[anonymous-definition]: workflow or action definition without a name
  --> @@INPUT@@:1:1
   |
 1 | / # see https://github.com/zizmorcore/zizmor/issues/795
 2 | |
...  |
19 | |     steps:
20 | |       - run: "echo this job will trigger"
   | |__________________________________________- help: this workflow
   |
   = note: audit confidence → High

info[anonymous-definition]: workflow or action definition without a name
  --> @@INPUT@@:17:3
   |
17 | /   will-trigger:
18 | |     runs-on: ubuntu-latest
19 | |     steps:
20 | |       - run: "echo this job will trigger"
   | |__________________________________________- info: this job
   |
   = note: audit confidence → High

2 findings: 0 unknown, 1 informational, 1 low, 0 medium, 0 high
