---
source: crates/zizmor/tests/integration/e2e.rs
expression: "zizmor().expects_failure(true).config(if cfg!(windows) { \"NUL\" } else\n{ \"/dev/null\" }).input(input_under_test(\"e2e-menagerie\")).run()?"
---
fatal: no audit was performed
error: configuration error in @@CONFIG@@
  |
  = help: check your configuration file for syntax errors
  = help: see: https://docs.zizmor.sh/configuration/

Caused by:
    0: configuration error in @@CONFIG@@
    1: invalid configuration syntax
    2: missing field `rules`
