---
source: crates/zizmor/tests/integration/snapshot.rs
expression: "zizmor().input(input_under_test(\"use-trusted-publishing.yml\")).run()?"
---
info[use-trusted-publishing]: prefer trusted publishing for authentication
  --> @@INPUT@@:18:9
   |
18 |         uses: pypa/gh-action-pypi-publish@release/v1 # zizmor: ignore[unpinned-uses]
   |         ^^^^^^^^^^^^^^^^^^^^^^^^^^^^^^^^^^^^^^^^^^^^ this step
19 |         with:
20 |           password: ${{ secrets.PYPI_TOKEN }}
   |           ^^^^^^^^^^^^^^^^^^^^^^^^^^^^^^^^^^^ uses a manually-configured credential instead of Trusted Publishing
   |
   = note: audit confidence → High

info[use-trusted-publishing]: prefer trusted publishing for authentication
  --> @@INPUT@@:25:9
   |
25 |         uses: pypa/gh-action-pypi-publish@release/v1 # zizmor: ignore[unpinned-uses]
   |         ^^^^^^^^^^^^^^^^^^^^^^^^^^^^^^^^^^^^^^^^^^^^ this step
26 |         with:
27 |           password: ${{ secrets.PYPI_TOKEN }}
   |           ^^^^^^^^^^^^^^^^^^^^^^^^^^^^^^^^^^^ uses a manually-configured credential instead of Trusted Publishing
   |
   = note: audit confidence → High

info[use-trusted-publishing]: prefer trusted publishing for authentication
  --> @@INPUT@@:33:9
   |
33 |         uses: pypa/gh-action-pypi-publish@release/v1 # zizmor: ignore[unpinned-uses]
   |         ^^^^^^^^^^^^^^^^^^^^^^^^^^^^^^^^^^^^^^^^^^^^ this step
34 |         with:
35 |           password: ${{ secrets.PYPI_TOKEN }}
   |           ^^^^^^^^^^^^^^^^^^^^^^^^^^^^^^^^^^^ uses a manually-configured credential instead of Trusted Publishing
   |
   = note: audit confidence → High

info[use-trusted-publishing]: prefer trusted publishing for authentication
  --> @@INPUT@@:51:9
   |
51 |         uses: pypa/gh-action-pypi-publish@release/v1 # zizmor: ignore[unpinned-uses]
   |         ^^^^^^^^^^^^^^^^^^^^^^^^^^^^^^^^^^^^^^^^^^^^ this step
52 |         with:
53 |           password: ${{ secrets.TEST_PYPI_TOKEN }}
   |           ^^^^^^^^^^^^^^^^^^^^^^^^^^^^^^^^^^^^^^^^ uses a manually-configured credential instead of Trusted Publishing
   |
   = note: audit confidence → High

info[use-trusted-publishing]: prefer trusted publishing for authentication
  --> @@INPUT@@:58:9
   |
58 |         uses: pypa/gh-action-pypi-publish@release/v1 # zizmor: ignore[unpinned-uses]
   |         ^^^^^^^^^^^^^^^^^^^^^^^^^^^^^^^^^^^^^^^^^^^^ this step
59 |         with:
60 |           password: ${{ secrets.TEST_PYPI_TOKEN }}
   |           ^^^^^^^^^^^^^^^^^^^^^^^^^^^^^^^^^^^^^^^^ uses a manually-configured credential instead of Trusted Publishing
   |
   = note: audit confidence → High

info[use-trusted-publishing]: prefer trusted publishing for authentication
  --> @@INPUT@@:65:9
   |
65 |         uses: rubygems/release-gem@v1 # zizmor: ignore[unpinned-uses]
   |         ^^^^^^^^^^^^^^^^^^^^^^^^^^^^^ this step
66 |         with:
67 |           setup-trusted-publisher: false
   |           ^^^^^^^^^^^^^^^^^^^^^^^^^^^^^^ uses a manually-configured credential instead of Trusted Publishing
   |
   = note: audit confidence → High

info[use-trusted-publishing]: prefer trusted publishing for authentication
  --> @@INPUT@@:82:9
   |
82 |         uses: rubygems/configure-rubygems-credentials@v1 # zizmor: ignore[unpinned-uses]
   |         ^^^^^^^^^^^^^^^^^^^^^^^^^^^^^^^^^^^^^^^^^^^^^^^^ this step
83 |         with:
84 |           api-token: ${{ secrets.RUBYGEMS_API_TOKEN }}
   |           ^^^^^^^^^^^^^^^^^^^^^^^^^^^^^^^^^^^^^^^^^^^^ uses a manually-configured credential instead of Trusted Publishing
   |
   = note: audit confidence → High

info[use-trusted-publishing]: prefer trusted publishing for authentication
  --> @@INPUT@@:95:9
   |
95 |         uses: rubygems/configure-rubygems-credentials@v1 # zizmor: ignore[unpinned-uses]
   |         ^^^^^^^^^^^^^^^^^^^^^^^^^^^^^^^^^^^^^^^^^^^^^^^^ this step
96 |         with:
97 |           api-token: ${{ secrets.RUBYGEMS_API_TOKEN }}
   |           ^^^^^^^^^^^^^^^^^^^^^^^^^^^^^^^^^^^^^^^^^^^^ uses a manually-configured credential instead of Trusted Publishing
   |
   = note: audit confidence → High

26 findings (16 ignored, 2 suppressed): 8 informational, 0 low, 0 medium, 0 high
