---
source: crates/zizmor/tests/integration/snapshot.rs
expression: "zizmor().expects_failure(true).config(input_under_test(&format!(\"unpinned-uses/configs/{tc}.yml\",))).input(input_under_test(\"unpinned-uses/menagerie-of-uses.yml\")).run()?"
---
fatal: no audit was performed
configuration error in @@CONFIG@@

Caused by:
    0: invalid `unpinned-uses` config
    1: cannot use exact ref patterns here: `foo/bar@v1`
