---
source: crates/zizmor/tests/integration/e2e/json_v1.rs
expression: output
---
[
  {
    "ident": "dependabot-execution",
    "desc": "external code execution in Dependabot updates",
    "url": "https://docs.zizmor.sh/audits/#dependabot-execution",
    "determinations": {
      "confidence": "High",
      "severity": "High",
      "persona": "Regular"
    },
    "locations": [
      {
        "symbolic": {
          "key": {
            "Local": {
              "verbatim_path": "@@INPUT@@"
            }
          },
          "annotation": "enabled here",
          "route": {
            "route": [
              {
                "Key": "updates"
              },
              {
                "Index": 0
              },
              {
                "Key": "insecure-external-code-execution"
              }
            ]
          },
          "feature_kind": "Normal",
          "kind": "Primary"
        },
        "concrete": {
          "location": {
            "start_point": {
              "row": 9,
              "column": 4
            },
            "end_point": {
              "row": 9,
              "column": 43
            },
            "offset_span": {
              "start": 141,
              "end": 180
            }
          },
          "feature": "    insecure-external-code-execution: allow",
          "comments": []
        }
      },
      {
        "symbolic": {
          "key": {
            "Local": {
              "verbatim_path": "@@INPUT@@"
            }
          },
          "annotation": "this ecosystem",
          "route": {
            "route": [
              {
                "Key": "updates"
              },
              {
                "Index": 0
              },
              {
                "Key": "package-ecosystem"
              }
            ]
          },
          "feature_kind": "Normal",
          "kind": "Related"
        },
        "concrete": {
          "location": {
            "start_point": {
              "row": 3,
              "column": 4
            },
            "end_point": {
              "row": 3,
              "column": 26
            },
            "offset_span": {
              "start": 25,
              "end": 47
            }
          },
          "feature": "package-ecosystem: pip",
          "comments": []
        }
      }
    ],
    "ignored": false,
    "fixes": [
      {
        "title": "set insecure-external-code-execution to deny",
        "key": {
          "Local": {
            "verbatim_path": "@@INPUT@@"
          }
        },
        "disposition": "unsafe"
      }
    ]
  }
]
