---
source: tests/snapshot.rs
expression: "zizmor().output(OutputMode::Stderr).setenv(\"ZIZMOR_OFFLINE\",\n\"true\").setenv(\"GH_TOKEN\", \"phony\").run()?"
snapshot_kind: text
---
error: the argument '--offline' cannot be used with '--gh-token <GH_TOKEN>'

Usage: zizmor --offline <INPUTS>...

For more information, try '--help'.
