---
source: tests/snapshot.rs
expression: "zizmor().workflow(workflow_under_test(\"excessive-permissions/issue-336-repro.yml\")).args([\"--pedantic\"]).run()?"
snapshot_kind: text
---
error[excessive-permissions]: overly broad workflow or job-level permissions
 --> @@INPUT@@:3:1
  |
3 | / permissions:
4 | |   contents: write
  | |_________________^ contents: write is overly broad at the workflow level
  |
  = note: audit confidence → High

1 finding: 0 unknown, 0 informational, 0 low, 0 medium, 1 high
