---
source: tests/integration/e2e.rs
expression: "zizmor().expects_failure(true).input(input_under_test(&format!(\"invalid/{workflow_tc}.yml\"))).run()?"
---
fatal: no audit was performed
failed to register input: @@INPUT@@

Caused by:
    0: invalid YAML syntax: mapping values are not allowed in this context at line 3 column 8
       
       Caused by:
           mapping values are not allowed in this context at line 3 column 8
    1: invalid YAML syntax: mapping values are not allowed in this context at line 3 column 8
       
       Caused by:
           mapping values are not allowed in this context at line 3 column 8
    2: failed to register input as workflow or action
