---
source: tests/integration/e2e.rs
expression: "zizmor().expects_failure(true).input(input_under_test(&format!(\"invalid/{tc}.yml\"))).run()?"
---
fatal: no audit was performed
failed to register input: @@INPUT@@

Caused by:
    0: invalid input structure
       
       Caused by:
           0: invalid GitHub Actions workflow: file://@@INPUT@@
           1: jobs.invalid: "runs-on" is a required property
              jobs.invalid: Additional properties are not allowed ('steps' was unexpected)
              jobs.invalid: "uses" is a required property
              
    1: invalid GitHub Actions definition: file://@@INPUT@@
       
       Caused by:
           Additional properties are not allowed ('jobs', 'on', 'permissions' were unexpected)
           "description" is a required property
           "runs" is a required property
           
    2: failed to register input as workflow or action
