---
source: tests/integration/e2e.rs
expression: "zizmor().expects_failure(true).input(input_under_test(&format!(\"invalid/{workflow_tc}.yml\"))).args([\"--strict-inputs\"]).run()?"
snapshot_kind: text
---
fatal: no audit was performed
failed to load input as Action

Caused by:
    0: invalid YAML syntax: mapping values are not allowed in this context at line 3 column 8
    1: mapping values are not allowed in this context at line 3 column 8
